// Jest Snapshot v1, https://goo.gl/fbAQLP

exports[`cm7-lang-parser should parses here-we-are.cm7 1`] = `
Object {
  "children": Array [
    Object {
      "children": Array [
        Object {
          "children": Array [
            Object {
              "children": Array [],
              "text": "D",
              "type": "note",
            },
          ],
          "text": "key = D",
          "type": "key_config",
        },
      ],
      "text": "key = D",
      "type": "configs",
    },
    Object {
      "children": Array [
        Object {
          "children": Array [
            Object {
              "children": Array [],
              "text": "intro ",
              "type": "section_label",
            },
            Object {
              "children": Array [
                Object {
                  "children": Array [
                    Object {
                      "children": Array [
                        Object {
                          "children": Array [],
                          "text": "1",
                          "type": "relative_note",
                        },
                      ],
                      "text": "1",
                      "type": "chord",
                    },
                    Object {
                      "children": Array [
                        Object {
                          "children": Array [],
                          "text": "4",
                          "type": "relative_note",
                        },
                      ],
                      "text": "4",
                      "type": "chord",
                    },
                  ],
                  "text": "1 4",
                  "type": "chord_line",
                },
              ],
              "text": "1 4
-",
              "type": "line",
            },
            Object {
              "children": Array [
                Object {
                  "children": Array [
                    Object {
                      "children": Array [
                        Object {
                          "children": Array [],
                          "text": "1",
                          "type": "relative_note",
                        },
                      ],
                      "text": "1",
                      "type": "chord",
                    },
                    Object {
                      "children": Array [
                        Object {
                          "children": Array [],
                          "text": "4",
                          "type": "relative_note",
                        },
                      ],
                      "text": "4",
                      "type": "chord",
                    },
                  ],
                  "text": "1 4",
                  "type": "chord_line",
                },
              ],
              "text": "1 4
-",
              "type": "line",
            },
          ],
          "text": ":: intro ::
1 4
-
1 4
-",
          "type": "section",
        },
        Object {
          "children": Array [
            Object {
              "children": Array [],
              "text": "verse ",
              "type": "section_label",
            },
            Object {
              "children": Array [
                Object {
                  "children": Array [
                    Object {
                      "children": Array [
                        Object {
                          "children": Array [],
                          "text": "1",
                          "type": "relative_note",
                        },
                      ],
                      "text": "1",
                      "type": "chord",
                    },
                    Object {
                      "children": Array [
                        Object {
                          "children": Array [],
                          "text": "4",
                          "type": "relative_note",
                        },
                      ],
                      "text": "4",
                      "type": "chord",
                    },
                  ],
                  "text": "1 4",
                  "type": "chord_line",
                },
                Object {
                  "children": Array [
                    Object {
                      "children": Array [],
                      "text": "()",
                      "type": "lyrics_beat",
                    },
                    Object {
                      "children": Array [],
                      "text": " Here we are in the ",
                      "type": "lyrics",
                    },
                    Object {
                      "children": Array [
                        Object {
                          "children": Array [],
                          "text": "future",
                          "type": "lyrics",
                        },
                      ],
                      "text": "(future)",
                      "type": "lyrics_beat",
                    },
                    Object {
                      "children": Array [],
                      "text": " now",
                      "type": "lyrics",
                    },
                  ],
                  "text": "() Here we are in the (future) now",
                  "type": "lyrics_line",
                },
              ],
              "text": "1 4
() Here we are in the (future) now",
              "type": "line",
            },
            Object {
              "children": Array [
                Object {
                  "children": Array [
                    Object {
                      "children": Array [
                        Object {
                          "children": Array [],
                          "text": "1",
                          "type": "relative_note",
                        },
                      ],
                      "text": "1",
                      "type": "chord",
                    },
                    Object {
                      "children": Array [
                        Object {
                          "children": Array [],
                          "text": "4",
                          "type": "relative_note",
                        },
                      ],
                      "text": "4",
                      "type": "chord",
                    },
                    Object {
                      "children": Array [
                        Object {
                          "children": Array [],
                          "text": "2",
                          "type": "relative_note",
                        },
                        Object {
                          "children": Array [],
                          "text": "m",
                          "type": "quality",
                        },
                      ],
                      "text": "2m",
                      "type": "chord",
                    },
                  ],
                  "text": "1 4 2m",
                  "type": "chord_line",
                },
                Object {
                  "children": Array [
                    Object {
                      "children": Array [],
                      "text": "()",
                      "type": "lyrics_beat",
                    },
                    Object {
                      "children": Array [],
                      "text": " Here we are in the ",
                      "type": "lyrics",
                    },
                    Object {
                      "children": Array [
                        Object {
                          "children": Array [],
                          "text": "place",
                          "type": "lyrics",
                        },
                      ],
                      "text": "(place)",
                      "type": "lyrics_beat",
                    },
                    Object {
                      "children": Array [],
                      "text": " that we wanted to ",
                      "type": "lyrics",
                    },
                    Object {
                      "children": Array [
                        Object {
                          "children": Array [],
                          "text": "be",
                          "type": "lyrics",
                        },
                      ],
                      "text": "(be)",
                      "type": "lyrics_beat",
                    },
                  ],
                  "text": "() Here we are in the (place) that we wanted to (be)",
                  "type": "lyrics_line",
                },
              ],
              "text": "1 4 2m
() Here we are in the (place) that we wanted to (be)",
              "type": "line",
            },
            Object {
              "children": Array [
                Object {
                  "children": Array [
                    Object {
                      "children": Array [
                        Object {
                          "children": Array [],
                          "text": "7b",
                          "type": "relative_note",
                        },
                      ],
                      "text": "7b",
                      "type": "chord",
                    },
                  ],
                  "text": "7b",
                  "type": "chord_line",
                },
                Object {
                  "children": Array [
                    Object {
                      "children": Array [],
                      "text": "To ",
                      "type": "lyrics",
                    },
                    Object {
                      "children": Array [
                        Object {
                          "children": Array [],
                          "text": "be",
                          "type": "lyrics",
                        },
                      ],
                      "text": "(be)",
                      "type": "lyrics_beat",
                    },
                  ],
                  "text": "To (be)",
                  "type": "lyrics_line",
                },
              ],
              "text": "7b
To (be)",
              "type": "line",
            },
          ],
          "text": ":: verse ::
1 4
() Here we are in the (future) now
1 4 2m
() Here we are in the (place) that we wanted to (be)
7b
To (be)",
          "type": "section",
        },
        Object {
          "children": Array [
            Object {
              "children": Array [
                Object {
                  "children": Array [
                    Object {
                      "children": Array [
                        Object {
                          "children": Array [],
                          "text": "1",
                          "type": "relative_note",
                        },
                      ],
                      "text": "1",
                      "type": "chord",
                    },
                    Object {
                      "children": Array [
                        Object {
                          "children": Array [],
                          "text": "4",
                          "type": "relative_note",
                        },
                      ],
                      "text": "4",
                      "type": "chord",
                    },
                  ],
                  "text": "1 4",
                  "type": "chord_line",
                },
                Object {
                  "children": Array [
                    Object {
                      "children": Array [],
                      "text": "()",
                      "type": "lyrics_beat",
                    },
                    Object {
                      "children": Array [],
                      "text": " Everything in your ",
                      "type": "lyrics",
                    },
                    Object {
                      "children": Array [
                        Object {
                          "children": Array [],
                          "text": "fantasy",
                          "type": "lyrics",
                        },
                      ],
                      "text": "(fantasy)",
                      "type": "lyrics_beat",
                    },
                  ],
                  "text": "() Everything in your (fantasy)",
                  "type": "lyrics_line",
                },
              ],
              "text": "1 4
() Everything in your (fantasy)",
              "type": "line",
            },
            Object {
              "children": Array [
                Object {
                  "children": Array [
                    Object {
                      "children": Array [
                        Object {
                          "children": Array [],
                          "text": "1",
                          "type": "relative_note",
                        },
                      ],
                      "text": "1",
                      "type": "chord",
                    },
                    Object {
                      "children": Array [
                        Object {
                          "children": Array [],
                          "text": "4",
                          "type": "relative_note",
                        },
                      ],
                      "text": "4",
                      "type": "chord",
                    },
                    Object {
                      "children": Array [
                        Object {
                          "children": Array [],
                          "text": "2",
                          "type": "relative_note",
                        },
                        Object {
                          "children": Array [],
                          "text": "m",
                          "type": "quality",
                        },
                      ],
                      "text": "2m",
                      "type": "chord",
                    },
                  ],
                  "text": "1 4 2m",
                  "type": "chord_line",
                },
                Object {
                  "children": Array [
                    Object {
                      "children": Array [],
                      "text": "()",
                      "type": "lyrics_beat",
                    },
                    Object {
                      "children": Array [],
                      "text": " Everything has be",
                      "type": "lyrics",
                    },
                    Object {
                      "children": Array [
                        Object {
                          "children": Array [],
                          "text": "come",
                          "type": "lyrics",
                        },
                      ],
                      "text": "(come)",
                      "type": "lyrics_beat",
                    },
                    Object {
                      "children": Array [],
                      "text": " your reali",
                      "type": "lyrics",
                    },
                    Object {
                      "children": Array [
                        Object {
                          "children": Array [],
                          "text": "ty",
                          "type": "lyrics",
                        },
                      ],
                      "text": "(ty)",
                      "type": "lyrics_beat",
                    },
                  ],
                  "text": "() Everything has be(come) your reali(ty)",
                  "type": "lyrics_line",
                },
              ],
              "text": "1 4 2m
() Everything has be(come) your reali(ty)",
              "type": "line",
            },
            Object {
              "children": Array [
                Object {
                  "children": Array [
                    Object {
                      "children": Array [
                        Object {
                          "children": Array [],
                          "text": "7b",
                          "type": "relative_note",
                        },
                      ],
                      "text": "7b",
                      "type": "chord",
                    },
                  ],
                  "text": "7b",
                  "type": "chord_line",
                },
                Object {
                  "children": Array [
                    Object {
                      "children": Array [
                        Object {
                          "children": Array [],
                          "text": "Hmmm",
                          "type": "lyrics",
                        },
                      ],
                      "text": "(Hmmm)",
                      "type": "lyrics_beat",
                    },
                  ],
                  "text": "(Hmmm)",
                  "type": "lyrics_line",
                },
              ],
              "text": "7b
(Hmmm)",
              "type": "line",
            },
          ],
          "text": "1 4
() Everything in your (fantasy)
1 4 2m
() Everything has be(come) your reali(ty)
7b
(Hmmm)",
          "type": "section",
        },
        Object {
          "children": Array [
            Object {
              "children": Array [],
              "text": "pre-chorus ",
              "type": "section_label",
            },
            Object {
              "children": Array [
                Object {
                  "children": Array [
                    Object {
                      "children": Array [
                        Object {
                          "children": Array [],
                          "text": "4",
                          "type": "relative_note",
                        },
                      ],
                      "text": "4",
                      "type": "chord",
                    },
                    Object {
                      "children": Array [
                        Object {
                          "children": Array [],
                          "text": "5",
                          "type": "relative_note",
                        },
                      ],
                      "text": "5",
                      "type": "chord",
                    },
                  ],
                  "text": "4 5",
                  "type": "chord_line",
                },
                Object {
                  "children": Array [
                    Object {
                      "children": Array [],
                      "text": "()",
                      "type": "lyrics_beat",
                    },
                    Object {
                      "children": Array [],
                      "text": " What a fool I ",
                      "type": "lyrics",
                    },
                    Object {
                      "children": Array [
                        Object {
                          "children": Array [],
                          "text": "used",
                          "type": "lyrics",
                        },
                      ],
                      "text": "(used)",
                      "type": "lyrics_beat",
                    },
                    Object {
                      "children": Array [],
                      "text": " to be",
                      "type": "lyrics",
                    },
                  ],
                  "text": "() What a fool I (used) to be",
                  "type": "lyrics_line",
                },
              ],
              "text": "4 5
() What a fool I (used) to be",
              "type": "line",
            },
            Object {
              "children": Array [
                Object {
                  "children": Array [
                    Object {
                      "children": Array [
                        Object {
                          "children": Array [],
                          "text": "4",
                          "type": "relative_note",
                        },
                      ],
                      "text": "4",
                      "type": "chord",
                    },
                    Object {
                      "children": Array [
                        Object {
                          "children": Array [],
                          "text": "5",
                          "type": "relative_note",
                        },
                      ],
                      "text": "5",
                      "type": "chord",
                    },
                  ],
                  "text": "4 5",
                  "type": "chord_line",
                },
                Object {
                  "children": Array [
                    Object {
                      "children": Array [],
                      "text": "()",
                      "type": "lyrics_beat",
                    },
                    Object {
                      "children": Array [],
                      "text": " Should have known you mean the ",
                      "type": "lyrics",
                    },
                    Object {
                      "children": Array [
                        Object {
                          "children": Array [],
                          "text": "most",
                          "type": "lyrics",
                        },
                      ],
                      "text": "(most)",
                      "type": "lyrics_beat",
                    },
                    Object {
                      "children": Array [],
                      "text": " to me",
                      "type": "lyrics",
                    },
                  ],
                  "text": "() Should have known you mean the (most) to me",
                  "type": "lyrics_line",
                },
              ],
              "text": "4 5
() Should have known you mean the (most) to me",
              "type": "line",
            },
            Object {
              "children": Array [
                Object {
                  "children": Array [
                    Object {
                      "children": Array [
                        Object {
                          "children": Array [],
                          "text": "4",
                          "type": "relative_note",
                        },
                      ],
                      "text": "4",
                      "type": "chord",
                    },
                    Object {
                      "children": Array [
                        Object {
                          "children": Array [],
                          "text": "4",
                          "type": "relative_note",
                        },
                      ],
                      "text": "4",
                      "type": "chord",
                    },
                  ],
                  "text": "4   4",
                  "type": "chord_line",
                },
                Object {
                  "children": Array [
                    Object {
                      "children": Array [],
                      "text": "()",
                      "type": "lyrics_beat",
                    },
                    Object {
                      "children": Array [],
                      "text": " Now I finally ",
                      "type": "lyrics",
                    },
                    Object {
                      "children": Array [
                        Object {
                          "children": Array [],
                          "text": "see",
                          "type": "lyrics",
                        },
                      ],
                      "text": "(see)",
                      "type": "lyrics_beat",
                    },
                    Object {
                      "children": Array [],
                      "text": " it",
                      "type": "lyrics",
                    },
                  ],
                  "text": "() Now I finally (see) it",
                  "type": "lyrics_line",
                },
              ],
              "text": "4   4
() Now I finally (see) it",
              "type": "line",
            },
            Object {
              "children": Array [
                Object {
                  "children": Array [
                    Object {
                      "children": Array [
                        Object {
                          "children": Array [],
                          "text": "2",
                          "type": "relative_note",
                        },
                        Object {
                          "children": Array [],
                          "text": "m",
                          "type": "quality",
                        },
                      ],
                      "text": "2m",
                      "type": "chord",
                    },
                  ],
                  "text": "2m",
                  "type": "chord_line",
                },
                Object {
                  "children": Array [
                    Object {
                      "children": Array [],
                      "text": "Now I finally ",
                      "type": "lyrics",
                    },
                    Object {
                      "children": Array [
                        Object {
                          "children": Array [],
                          "text": "know",
                          "type": "lyrics",
                        },
                      ],
                      "text": "(know)",
                      "type": "lyrics_beat",
                    },
                    Object {
                      "children": Array [],
                      "text": " it",
                      "type": "lyrics",
                    },
                  ],
                  "text": "Now I finally (know) it",
                  "type": "lyrics_line",
                },
              ],
              "text": "2m
Now I finally (know) it",
              "type": "line",
            },
            Object {
              "children": Array [
                Object {
                  "children": Array [
                    Object {
                      "children": Array [],
                      "text": "All I really want",
                      "type": "lyrics",
                    },
                  ],
                  "text": "All I really want",
                  "type": "lyrics_line",
                },
              ],
              "text": "-
All I really want",
              "type": "line",
            },
            Object {
              "children": Array [
                Object {
                  "children": Array [
                    Object {
                      "children": Array [
                        Object {
                          "children": Array [],
                          "text": "2",
                          "type": "relative_note",
                        },
                        Object {
                          "children": Array [],
                          "text": "m",
                          "type": "quality",
                        },
                      ],
                      "text": "2m",
                      "type": "chord",
                    },
                  ],
                  "text": "2m",
                  "type": "chord_line",
                },
                Object {
                  "children": Array [
                    Object {
                      "children": Array [],
                      "text": "()",
                      "type": "lyrics_beat",
                    },
                    Object {
                      "children": Array [],
                      "text": " All I really want is",
                      "type": "lyrics",
                    },
                  ],
                  "text": "() All I really want is",
                  "type": "lyrics_line",
                },
              ],
              "text": "2m
() All I really want is",
              "type": "line",
            },
          ],
          "text": ":: pre-chorus ::
4 5
() What a fool I (used) to be
4 5
() Should have known you mean the (most) to me
4   4
() Now I finally (see) it
2m
Now I finally (know) it
-
All I really want
2m
() All I really want is",
          "type": "section",
        },
        Object {
          "children": Array [
            Object {
              "children": Array [],
              "text": "chorus ",
              "type": "section_label",
            },
            Object {
              "children": Array [
                Object {
                  "children": Array [
                    Object {
                      "children": Array [
                        Object {
                          "children": Array [],
                          "text": "1",
                          "type": "relative_note",
                        },
                      ],
                      "text": "1",
                      "type": "chord",
                    },
                  ],
                  "text": "1",
                  "type": "chord_line",
                },
                Object {
                  "children": Array [
                    Object {
                      "children": Array [
                        Object {
                          "children": Array [],
                          "text": "I",
                          "type": "lyrics",
                        },
                      ],
                      "text": "(I)",
                      "type": "lyrics_beat",
                    },
                    Object {
                      "children": Array [],
                      "text": " just wanna be with you",
                      "type": "lyrics",
                    },
                  ],
                  "text": "(I) just wanna be with you",
                  "type": "lyrics_line",
                },
              ],
              "text": "1
(I) just wanna be with you",
              "type": "line",
            },
            Object {
              "children": Array [
                Object {
                  "children": Array [
                    Object {
                      "children": Array [
                        Object {
                          "children": Array [],
                          "text": "1",
                          "type": "relative_note",
                        },
                      ],
                      "text": "1",
                      "type": "chord",
                    },
                  ],
                  "text": "1",
                  "type": "chord_line",
                },
                Object {
                  "children": Array [
                    Object {
                      "children": Array [
                        Object {
                          "children": Array [],
                          "text": "I",
                          "type": "lyrics",
                        },
                      ],
                      "text": "(I)",
                      "type": "lyrics_beat",
                    },
                    Object {
                      "children": Array [],
                      "text": " just wanna be with you",
                      "type": "lyrics",
                    },
                  ],
                  "text": "(I) just wanna be with you",
                  "type": "lyrics_line",
                },
              ],
              "text": "1
(I) just wanna be with you",
              "type": "line",
            },
            Object {
              "children": Array [
                Object {
                  "children": Array [
                    Object {
                      "children": Array [
                        Object {
                          "children": Array [],
                          "text": "4",
                          "type": "relative_note",
                        },
                      ],
                      "text": "4",
                      "type": "chord",
                    },
                  ],
                  "text": "4",
                  "type": "chord_line",
                },
                Object {
                  "children": Array [
                    Object {
                      "children": Array [],
                      "text": "Right ",
                      "type": "lyrics",
                    },
                    Object {
                      "children": Array [
                        Object {
                          "children": Array [],
                          "text": "now",
                          "type": "lyrics",
                        },
                      ],
                      "text": "(now)",
                      "type": "lyrics_beat",
                    },
                  ],
                  "text": "Right (now)",
                  "type": "lyrics_line",
                },
              ],
              "text": "       4
Right (now)",
              "type": "line",
            },
            Object {
              "children": Array [
                Object {
                  "children": Array [
                    Object {
                      "children": Array [
                        Object {
                          "children": Array [],
                          "text": "1",
                          "type": "relative_note",
                        },
                      ],
                      "text": "1",
                      "type": "chord",
                    },
                  ],
                  "text": "1",
                  "type": "chord_line",
                },
                Object {
                  "children": Array [
                    Object {
                      "children": Array [
                        Object {
                          "children": Array [],
                          "text": "I",
                          "type": "lyrics",
                        },
                      ],
                      "text": "(I)",
                      "type": "lyrics_beat",
                    },
                    Object {
                      "children": Array [],
                      "text": " just wanna be with you",
                      "type": "lyrics",
                    },
                  ],
                  "text": "(I) just wanna be with you",
                  "type": "lyrics_line",
                },
              ],
              "text": "1
(I) just wanna be with you",
              "type": "line",
            },
            Object {
              "children": Array [
                Object {
                  "children": Array [
                    Object {
                      "children": Array [
                        Object {
                          "children": Array [],
                          "text": "1",
                          "type": "relative_note",
                        },
                      ],
                      "text": "1",
                      "type": "chord",
                    },
                  ],
                  "text": "1",
                  "type": "chord_line",
                },
                Object {
                  "children": Array [
                    Object {
                      "children": Array [
                        Object {
                          "children": Array [],
                          "text": "I",
                          "type": "lyrics",
                        },
                      ],
                      "text": "(I)",
                      "type": "lyrics_beat",
                    },
                    Object {
                      "children": Array [],
                      "text": " just wanna be with you",
                      "type": "lyrics",
                    },
                  ],
                  "text": "(I) just wanna be with you",
                  "type": "lyrics_line",
                },
              ],
              "text": "1
(I) just wanna be with you",
              "type": "line",
            },
            Object {
              "children": Array [
                Object {
                  "children": Array [
                    Object {
                      "children": Array [
                        Object {
                          "children": Array [],
                          "text": "4",
                          "type": "relative_note",
                        },
                      ],
                      "text": "4",
                      "type": "chord",
                    },
                  ],
                  "text": "4",
                  "type": "chord_line",
                },
                Object {
                  "children": Array [
                    Object {
                      "children": Array [],
                      "text": "Right ",
                      "type": "lyrics",
                    },
                    Object {
                      "children": Array [
                        Object {
                          "children": Array [],
                          "text": "now",
                          "type": "lyrics",
                        },
                      ],
                      "text": "(now)",
                      "type": "lyrics_beat",
                    },
                  ],
                  "text": "Right (now)",
                  "type": "lyrics_line",
                },
              ],
              "text": "4
Right (now)",
              "type": "line",
            },
            Object {
              "children": Array [
                Object {
                  "children": Array [
                    Object {
                      "children": Array [
                        Object {
                          "children": Array [],
                          "text": "2",
                          "type": "relative_note",
                        },
                      ],
                      "text": "2",
                      "type": "chord",
                    },
                  ],
                  "text": "2",
                  "type": "chord_line",
                },
                Object {
                  "children": Array [
                    Object {
                      "children": Array [],
                      "text": "I ",
                      "type": "lyrics",
                    },
                    Object {
                      "children": Array [
                        Object {
                          "children": Array [],
                          "text": "didn't",
                          "type": "lyrics",
                        },
                      ],
                      "text": "(didn't)",
                      "type": "lyrics_beat",
                    },
                    Object {
                      "children": Array [],
                      "text": " know",
                      "type": "lyrics",
                    },
                  ],
                  "text": "I (didn't) know",
                  "type": "lyrics_line",
                },
              ],
              "text": "2
I (didn't) know",
              "type": "line",
            },
            Object {
              "children": Array [
                Object {
                  "children": Array [
                    Object {
                      "children": Array [
                        Object {
                          "children": Array [],
                          "text": "2",
                          "type": "relative_note",
                        },
                        Object {
                          "children": Array [],
                          "text": "m",
                          "type": "quality",
                        },
                      ],
                      "text": "2m",
                      "type": "chord",
                    },
                  ],
                  "text": "2m",
                  "type": "chord_line",
                },
                Object {
                  "children": Array [
                    Object {
                      "children": Array [],
                      "text": "It ",
                      "type": "lyrics",
                    },
                    Object {
                      "children": Array [
                        Object {
                          "children": Array [],
                          "text": "runs",
                          "type": "lyrics",
                        },
                      ],
                      "text": "(runs)",
                      "type": "lyrics_beat",
                    },
                    Object {
                      "children": Array [],
                      "text": " so fast",
                      "type": "lyrics",
                    },
                  ],
                  "text": "It (runs) so fast",
                  "type": "lyrics_line",
                },
              ],
              "text": "2m
It (runs) so fast",
              "type": "line",
            },
            Object {
              "children": Array [
                Object {
                  "children": Array [
                    Object {
                      "children": Array [
                        Object {
                          "children": Array [],
                          "text": "2",
                          "type": "relative_note",
                        },
                        Object {
                          "children": Array [],
                          "text": "m7b5",
                          "type": "quality",
                        },
                      ],
                      "text": "2m7b5",
                      "type": "chord",
                    },
                  ],
                  "text": "2m7b5",
                  "type": "chord_line",
                },
                Object {
                  "children": Array [
                    Object {
                      "children": Array [],
                      "text": "And I ",
                      "type": "lyrics",
                    },
                    Object {
                      "children": Array [
                        Object {
                          "children": Array [],
                          "text": "can't",
                          "type": "lyrics",
                        },
                      ],
                      "text": "(can't)",
                      "type": "lyrics_beat",
                    },
                    Object {
                      "children": Array [],
                      "text": " catch up",
                      "type": "lyrics",
                    },
                  ],
                  "text": "And I (can't) catch up",
                  "type": "lyrics_line",
                },
              ],
              "text": "2m7b5
And I (can't) catch up",
              "type": "line",
            },
          ],
          "text": ":: chorus ::
1
(I) just wanna be with you
1
(I) just wanna be with you
       4
Right (now)
1
(I) just wanna be with you
1
(I) just wanna be with you
4
Right (now)
2
I (didn't) know
2m
It (runs) so fast
2m7b5
And I (can't) catch up",
          "type": "section",
        },
      ],
      "text": ":: intro ::
1 4
-
1 4
-

:: verse ::
1 4
() Here we are in the (future) now
1 4 2m
() Here we are in the (place) that we wanted to (be)
7b
To (be)

1 4
() Everything in your (fantasy)
1 4 2m
() Everything has be(come) your reali(ty)
7b
(Hmmm)

:: pre-chorus ::
4 5
() What a fool I (used) to be
4 5
() Should have known you mean the (most) to me
4   4
() Now I finally (see) it
2m
Now I finally (know) it
-
All I really want
2m
() All I really want is


:: chorus ::
1
(I) just wanna be with you
1
(I) just wanna be with you
       4
Right (now)
1
(I) just wanna be with you
1
(I) just wanna be with you
4
Right (now)
2
I (didn't) know
2m
It (runs) so fast
2m7b5
And I (can't) catch up



",
      "type": "song",
    },
  ],
  "text": "key = D

:: intro ::
1 4
-
1 4
-

:: verse ::
1 4
() Here we are in the (future) now
1 4 2m
() Here we are in the (place) that we wanted to (be)
7b
To (be)

1 4
() Everything in your (fantasy)
1 4 2m
() Everything has be(come) your reali(ty)
7b
(Hmmm)

:: pre-chorus ::
4 5
() What a fool I (used) to be
4 5
() Should have known you mean the (most) to me
4   4
() Now I finally (see) it
2m
Now I finally (know) it
-
All I really want
2m
() All I really want is


:: chorus ::
1
(I) just wanna be with you
1
(I) just wanna be with you
       4
Right (now)
1
(I) just wanna be with you
1
(I) just wanna be with you
4
Right (now)
2
I (didn't) know
2m
It (runs) so fast
2m7b5
And I (can't) catch up



",
  "type": "cm7",
}
`;

exports[`cm7-lang-parser should parses jimjim.cm7 1`] = `
Object {
  "children": Array [
    Object {
      "children": Array [
        Object {
          "children": Array [
            Object {
              "children": Array [],
              "text": "Eb",
              "type": "note",
            },
          ],
          "text": "key=Eb",
          "type": "key_config",
        },
      ],
      "text": "key=Eb",
      "type": "configs",
    },
    Object {
      "children": Array [
        Object {
          "children": Array [
            Object {
              "children": Array [],
              "text": "verse ",
              "type": "section_label",
            },
            Object {
              "children": Array [
                Object {
                  "children": Array [
                    Object {
                      "children": Array [
                        Object {
                          "children": Array [],
                          "text": "1",
                          "type": "relative_note",
                        },
                      ],
                      "text": "1",
                      "type": "chord",
                    },
                    Object {
                      "children": Array [
                        Object {
                          "children": Array [],
                          "text": "6",
                          "type": "relative_note",
                        },
                        Object {
                          "children": Array [],
                          "text": "m",
                          "type": "quality",
                        },
                      ],
                      "text": "6m",
                      "type": "chord",
                    },
                  ],
                  "text": "1 6m",
                  "type": "chord_line",
                },
                Object {
                  "children": Array [
                    Object {
                      "children": Array [],
                      "text": "()",
                      "type": "lyrics_beat",
                    },
                    Object {
                      "children": Array [],
                      "text": "在夜晚 說",
                      "type": "lyrics",
                    },
                    Object {
                      "children": Array [
                        Object {
                          "children": Array [],
                          "text": "早",
                          "type": "lyrics",
                        },
                      ],
                      "text": "(早)",
                      "type": "lyrics_beat",
                    },
                    Object {
                      "children": Array [],
                      "text": "晨",
                      "type": "lyrics",
                    },
                  ],
                  "text": "()在夜晚 說(早)晨",
                  "type": "lyrics_line",
                },
              ],
              "text": "1 6m
()在夜晚 說(早)晨",
              "type": "line",
            },
            Object {
              "children": Array [
                Object {
                  "children": Array [
                    Object {
                      "children": Array [
                        Object {
                          "children": Array [],
                          "text": "2",
                          "type": "relative_note",
                        },
                        Object {
                          "children": Array [],
                          "text": "m",
                          "type": "quality",
                        },
                      ],
                      "text": "2m",
                      "type": "chord",
                    },
                    Object {
                      "children": Array [
                        Object {
                          "children": Array [],
                          "text": "5",
                          "type": "relative_note",
                        },
                        Object {
                          "children": Array [],
                          "text": "sus4",
                          "type": "quality",
                        },
                      ],
                      "text": "5sus4",
                      "type": "chord",
                    },
                    Object {
                      "children": Array [
                        Object {
                          "children": Array [],
                          "text": "5",
                          "type": "relative_note",
                        },
                      ],
                      "text": "5",
                      "type": "chord",
                    },
                  ],
                  "text": "2m 5sus4 5",
                  "type": "chord_line",
                },
                Object {
                  "children": Array [
                    Object {
                      "children": Array [],
                      "text": "()",
                      "type": "lyrics_beat",
                    },
                    Object {
                      "children": Array [],
                      "text": "閒談後 你",
                      "type": "lyrics",
                    },
                    Object {
                      "children": Array [
                        Object {
                          "children": Array [],
                          "text": "更",
                          "type": "lyrics",
                        },
                      ],
                      "text": "(更)",
                      "type": "lyrics_beat",
                    },
                    Object {
                      "children": Array [],
                      "text": "像別",
                      "type": "lyrics",
                    },
                    Object {
                      "children": Array [
                        Object {
                          "children": Array [],
                          "text": "人",
                          "type": "lyrics",
                        },
                      ],
                      "text": "(人)",
                      "type": "lyrics_beat",
                    },
                  ],
                  "text": "()閒談後 你(更)像別(人)",
                  "type": "lyrics_line",
                },
              ],
              "text": "2m 5sus4 5
()閒談後 你(更)像別(人)",
              "type": "line",
            },
            Object {
              "children": Array [
                Object {
                  "children": Array [
                    Object {
                      "children": Array [
                        Object {
                          "children": Array [],
                          "text": "3",
                          "type": "relative_note",
                        },
                        Object {
                          "children": Array [],
                          "text": "m",
                          "type": "quality",
                        },
                      ],
                      "text": "3m",
                      "type": "chord",
                    },
                    Object {
                      "children": Array [
                        Object {
                          "children": Array [],
                          "text": "6",
                          "type": "relative_note",
                        },
                        Object {
                          "children": Array [],
                          "text": "m",
                          "type": "quality",
                        },
                      ],
                      "text": "6m",
                      "type": "chord",
                    },
                  ],
                  "text": "3m 6m",
                  "type": "chord_line",
                },
                Object {
                  "children": Array [
                    Object {
                      "children": Array [],
                      "text": "()",
                      "type": "lyrics_beat",
                    },
                    Object {
                      "children": Array [],
                      "text": "字幕裡 說",
                      "type": "lyrics",
                    },
                    Object {
                      "children": Array [
                        Object {
                          "children": Array [],
                          "text": "冬",
                          "type": "lyrics",
                        },
                      ],
                      "text": "(冬)",
                      "type": "lyrics_beat",
                    },
                    Object {
                      "children": Array [],
                      "text": "日灰暗",
                      "type": "lyrics",
                    },
                  ],
                  "text": "()字幕裡 說(冬)日灰暗",
                  "type": "lyrics_line",
                },
              ],
              "text": "3m 6m
()字幕裡 說(冬)日灰暗",
              "type": "line",
            },
            Object {
              "children": Array [
                Object {
                  "children": Array [
                    Object {
                      "children": Array [
                        Object {
                          "children": Array [],
                          "text": "2",
                          "type": "relative_note",
                        },
                        Object {
                          "children": Array [],
                          "text": "m",
                          "type": "quality",
                        },
                      ],
                      "text": "2m",
                      "type": "chord",
                    },
                    Object {
                      "children": Array [
                        Object {
                          "children": Array [],
                          "text": "5",
                          "type": "relative_note",
                        },
                      ],
                      "text": "5",
                      "type": "chord",
                    },
                  ],
                  "text": "2m 5",
                  "type": "chord_line",
                },
                Object {
                  "children": Array [
                    Object {
                      "children": Array [],
                      "text": "回",
                      "type": "lyrics",
                    },
                    Object {
                      "children": Array [
                        Object {
                          "children": Array [],
                          "text": "答",
                          "type": "lyrics",
                        },
                      ],
                      "text": "(答)",
                      "type": "lyrics_beat",
                    },
                    Object {
                      "children": Array [],
                      "text": "你 這邊的氣",
                      "type": "lyrics",
                    },
                    Object {
                      "children": Array [
                        Object {
                          "children": Array [],
                          "text": "氛",
                          "type": "lyrics",
                        },
                      ],
                      "text": "(氛)",
                      "type": "lyrics_beat",
                    },
                  ],
                  "text": "回(答)你 這邊的氣(氛)",
                  "type": "lyrics_line",
                },
              ],
              "text": "2m 5
回(答)你 這邊的氣(氛)",
              "type": "line",
            },
          ],
          "text": ":: verse ::
1 6m
()在夜晚 說(早)晨
2m 5sus4 5
()閒談後 你(更)像別(人)
3m 6m
()字幕裡 說(冬)日灰暗
2m 5
回(答)你 這邊的氣(氛)",
          "type": "section",
        },
        Object {
          "children": Array [
            Object {
              "children": Array [
                Object {
                  "children": Array [
                    Object {
                      "children": Array [
                        Object {
                          "children": Array [],
                          "text": "3",
                          "type": "relative_note",
                        },
                        Object {
                          "children": Array [],
                          "text": "sus4",
                          "type": "quality",
                        },
                      ],
                      "text": "3sus4",
                      "type": "chord",
                    },
                    Object {
                      "children": Array [
                        Object {
                          "children": Array [],
                          "text": "3",
                          "type": "relative_note",
                        },
                      ],
                      "text": "3",
                      "type": "chord",
                    },
                    Object {
                      "children": Array [
                        Object {
                          "children": Array [],
                          "text": "6",
                          "type": "relative_note",
                        },
                        Object {
                          "children": Array [],
                          "text": "m",
                          "type": "quality",
                        },
                      ],
                      "text": "6m",
                      "type": "chord",
                    },
                  ],
                  "text": "3sus4 3 6m",
                  "type": "chord_line",
                },
                Object {
                  "children": Array [
                    Object {
                      "children": Array [],
                      "text": "()",
                      "type": "lyrics_beat",
                    },
                    Object {
                      "children": Array [],
                      "text": "就",
                      "type": "lyrics",
                    },
                    Object {
                      "children": Array [
                        Object {
                          "children": Array [],
                          "text": "像",
                          "type": "lyrics",
                        },
                      ],
                      "text": "(像)",
                      "type": "lyrics_beat",
                    },
                    Object {
                      "children": Array [],
                      "text": "你 已",
                      "type": "lyrics",
                    },
                    Object {
                      "children": Array [
                        Object {
                          "children": Array [],
                          "text": "記",
                          "type": "lyrics",
                        },
                      ],
                      "text": "(記)",
                      "type": "lyrics_beat",
                    },
                    Object {
                      "children": Array [],
                      "text": "不起了",
                      "type": "lyrics",
                    },
                  ],
                  "text": "()就(像)你 已(記)不起了",
                  "type": "lyrics_line",
                },
              ],
              "text": "3sus4 3 6m
()就(像)你 已(記)不起了",
              "type": "line",
            },
            Object {
              "children": Array [
                Object {
                  "children": Array [
                    Object {
                      "children": Array [
                        Object {
                          "children": Array [],
                          "text": "2",
                          "type": "relative_note",
                        },
                        Object {
                          "children": Array [],
                          "text": "m",
                          "type": "quality",
                        },
                      ],
                      "text": "2m",
                      "type": "chord",
                    },
                    Object {
                      "children": Array [
                        Object {
                          "children": Array [],
                          "text": "5",
                          "type": "relative_note",
                        },
                      ],
                      "text": "5",
                      "type": "chord",
                    },
                  ],
                  "text": "2m 5",
                  "type": "chord_line",
                },
                Object {
                  "children": Array [
                    Object {
                      "children": Array [],
                      "text": "()",
                      "type": "lyrics_beat",
                    },
                    Object {
                      "children": Array [],
                      "text": "連懷舊 也",
                      "type": "lyrics",
                    },
                    Object {
                      "children": Array [
                        Object {
                          "children": Array [],
                          "text": "格",
                          "type": "lyrics",
                        },
                      ],
                      "text": "(格)",
                      "type": "lyrics_beat",
                    },
                    Object {
                      "children": Array [],
                      "text": "外寂寥",
                      "type": "lyrics",
                    },
                  ],
                  "text": "()連懷舊 也(格)外寂寥",
                  "type": "lyrics_line",
                },
              ],
              "text": "2m 5
()連懷舊 也(格)外寂寥",
              "type": "line",
            },
            Object {
              "children": Array [
                Object {
                  "children": Array [
                    Object {
                      "children": Array [
                        Object {
                          "children": Array [],
                          "text": "3",
                          "type": "relative_note",
                        },
                        Object {
                          "children": Array [],
                          "text": "m",
                          "type": "quality",
                        },
                      ],
                      "text": "3m",
                      "type": "chord",
                    },
                    Object {
                      "children": Array [
                        Object {
                          "children": Array [],
                          "text": "6",
                          "type": "relative_note",
                        },
                        Object {
                          "children": Array [],
                          "text": "m",
                          "type": "quality",
                        },
                      ],
                      "text": "6m",
                      "type": "chord",
                    },
                  ],
                  "text": "3m 6m",
                  "type": "chord_line",
                },
                Object {
                  "children": Array [
                    Object {
                      "children": Array [],
                      "text": "()",
                      "type": "lyrics_beat",
                    },
                    Object {
                      "children": Array [],
                      "text": "雜物裡 遺",
                      "type": "lyrics",
                    },
                    Object {
                      "children": Array [
                        Object {
                          "children": Array [],
                          "text": "物",
                          "type": "lyrics",
                        },
                      ],
                      "text": "(物)",
                      "type": "lyrics_beat",
                    },
                    Object {
                      "children": Array [],
                      "text": "和舊照",
                      "type": "lyrics",
                    },
                  ],
                  "text": "()雜物裡 遺(物)和舊照",
                  "type": "lyrics_line",
                },
              ],
              "text": "3m 6m
()雜物裡 遺(物)和舊照",
              "type": "line",
            },
            Object {
              "children": Array [
                Object {
                  "children": Array [
                    Object {
                      "children": Array [
                        Object {
                          "children": Array [],
                          "text": "4",
                          "type": "relative_note",
                        },
                      ],
                      "text": "4",
                      "type": "chord",
                    },
                    Object {
                      "children": Array [
                        Object {
                          "children": Array [],
                          "text": "2",
                          "type": "relative_note",
                        },
                        Object {
                          "children": Array [],
                          "text": "m",
                          "type": "quality",
                        },
                      ],
                      "text": "2m",
                      "type": "chord",
                    },
                    Object {
                      "children": Array [
                        Object {
                          "children": Array [],
                          "text": "2",
                          "type": "relative_note",
                        },
                        Object {
                          "children": Array [],
                          "text": "m",
                          "type": "quality",
                        },
                      ],
                      "text": "2m",
                      "type": "chord",
                    },
                    Object {
                      "children": Array [
                        Object {
                          "children": Array [],
                          "text": "3",
                          "type": "relative_note",
                        },
                        Object {
                          "children": Array [],
                          "text": "m",
                          "type": "quality",
                        },
                      ],
                      "text": "3m",
                      "type": "chord",
                    },
                    Object {
                      "children": Array [
                        Object {
                          "children": Array [],
                          "text": "4",
                          "type": "relative_note",
                        },
                      ],
                      "text": "4",
                      "type": "chord",
                    },
                    Object {
                      "children": Array [
                        Object {
                          "children": Array [],
                          "text": "5",
                          "type": "relative_note",
                        },
                      ],
                      "text": "5",
                      "type": "chord",
                    },
                  ],
                  "text": "4 2m 2m 3m 4 5",
                  "type": "chord_line",
                },
                Object {
                  "children": Array [
                    Object {
                      "children": Array [],
                      "text": "誰",
                      "type": "lyrics",
                    },
                    Object {
                      "children": Array [
                        Object {
                          "children": Array [],
                          "text": "變",
                          "type": "lyrics",
                        },
                      ],
                      "text": "(變)",
                      "type": "lyrics_beat",
                    },
                    Object {
                      "children": Array [],
                      "text": "賣 誰",
                      "type": "lyrics",
                    },
                    Object {
                      "children": Array [
                        Object {
                          "children": Array [],
                          "text": "棄",
                          "type": "lyrics",
                        },
                      ],
                      "text": "(棄)",
                      "type": "lyrics_beat",
                    },
                    Object {
                      "children": Array [],
                      "text": "掉 誰",
                      "type": "lyrics",
                    },
                    Object {
                      "children": Array [
                        Object {
                          "children": Array [],
                          "text": "看",
                          "type": "lyrics",
                        },
                      ],
                      "text": "(看)",
                      "type": "lyrics_beat",
                    },
                    Object {
                      "children": Array [
                        Object {
                          "children": Array [],
                          "text": "到",
                          "type": "lyrics",
                        },
                      ],
                      "text": "(到)",
                      "type": "lyrics_beat",
                    },
                    Object {
                      "children": Array [
                        Object {
                          "children": Array [],
                          "text": "破",
                          "type": "lyrics",
                        },
                      ],
                      "text": "(破)",
                      "type": "lyrics_beat",
                    },
                    Object {
                      "children": Array [
                        Object {
                          "children": Array [],
                          "text": "曉",
                          "type": "lyrics",
                        },
                      ],
                      "text": "(曉)",
                      "type": "lyrics_beat",
                    },
                  ],
                  "text": "誰(變)賣 誰(棄)掉 誰(看)(到)(破)(曉)",
                  "type": "lyrics_line",
                },
              ],
              "text": "4 2m 2m 3m 4 5
誰(變)賣 誰(棄)掉 誰(看)(到)(破)(曉)",
              "type": "line",
            },
          ],
          "text": "3sus4 3 6m
()就(像)你 已(記)不起了
2m 5
()連懷舊 也(格)外寂寥
3m 6m
()雜物裡 遺(物)和舊照
4 2m 2m 3m 4 5
誰(變)賣 誰(棄)掉 誰(看)(到)(破)(曉)",
          "type": "section",
        },
        Object {
          "children": Array [
            Object {
              "children": Array [
                Object {
                  "children": Array [
                    Object {
                      "children": Array [
                        Object {
                          "children": Array [],
                          "text": "1",
                          "type": "relative_note",
                        },
                      ],
                      "text": "1",
                      "type": "chord",
                    },
                    Object {
                      "children": Array [
                        Object {
                          "children": Array [],
                          "text": "6",
                          "type": "relative_note",
                        },
                        Object {
                          "children": Array [],
                          "text": "m",
                          "type": "quality",
                        },
                      ],
                      "text": "6m",
                      "type": "chord",
                    },
                  ],
                  "text": "1 6m",
                  "type": "chord_line",
                },
                Object {
                  "children": Array [
                    Object {
                      "children": Array [],
                      "text": "()",
                      "type": "lyrics_beat",
                    },
                    Object {
                      "children": Array [],
                      "text": "漸漸我甚",
                      "type": "lyrics",
                    },
                    Object {
                      "children": Array [
                        Object {
                          "children": Array [],
                          "text": "麼",
                          "type": "lyrics",
                        },
                      ],
                      "text": "(麼)",
                      "type": "lyrics_beat",
                    },
                    Object {
                      "children": Array [],
                      "text": "都不想知道",
                      "type": "lyrics",
                    },
                  ],
                  "text": "()漸漸我甚(麼)都不想知道",
                  "type": "lyrics_line",
                },
              ],
              "text": "1 6m
()漸漸我甚(麼)都不想知道",
              "type": "line",
            },
            Object {
              "children": Array [
                Object {
                  "children": Array [
                    Object {
                      "children": Array [
                        Object {
                          "children": Array [],
                          "text": "2",
                          "type": "relative_note",
                        },
                        Object {
                          "children": Array [],
                          "text": "m",
                          "type": "quality",
                        },
                      ],
                      "text": "2m",
                      "type": "chord",
                    },
                    Object {
                      "children": Array [
                        Object {
                          "children": Array [],
                          "text": "4",
                          "type": "relative_note",
                        },
                        Object {
                          "children": Array [
                            Object {
                              "children": Array [],
                              "text": "5",
                              "type": "relative_note",
                            },
                          ],
                          "text": "/5",
                          "type": "base",
                        },
                      ],
                      "text": "4/5",
                      "type": "chord",
                    },
                  ],
                  "text": "2m 4/5",
                  "type": "chord_line",
                },
                Object {
                  "children": Array [
                    Object {
                      "children": Array [],
                      "text": "()",
                      "type": "lyrics_beat",
                    },
                    Object {
                      "children": Array [],
                      "text": "我覺得迷",
                      "type": "lyrics",
                    },
                    Object {
                      "children": Array [
                        Object {
                          "children": Array [],
                          "text": "失",
                          "type": "lyrics",
                        },
                      ],
                      "text": "(失)",
                      "type": "lyrics_beat",
                    },
                    Object {
                      "children": Array [],
                      "text": "竟比醒覺好",
                      "type": "lyrics",
                    },
                  ],
                  "text": "()我覺得迷(失)竟比醒覺好",
                  "type": "lyrics_line",
                },
              ],
              "text": "2m 4/5
()我覺得迷(失)竟比醒覺好",
              "type": "line",
            },
            Object {
              "children": Array [
                Object {
                  "children": Array [
                    Object {
                      "children": Array [
                        Object {
                          "children": Array [],
                          "text": "3",
                          "type": "relative_note",
                        },
                        Object {
                          "children": Array [],
                          "text": "m",
                          "type": "quality",
                        },
                      ],
                      "text": "3m",
                      "type": "chord",
                    },
                    Object {
                      "children": Array [
                        Object {
                          "children": Array [],
                          "text": "6",
                          "type": "relative_note",
                        },
                        Object {
                          "children": Array [],
                          "text": "m",
                          "type": "quality",
                        },
                      ],
                      "text": "6m",
                      "type": "chord",
                    },
                  ],
                  "text": "3m 6m",
                  "type": "chord_line",
                },
                Object {
                  "children": Array [
                    Object {
                      "children": Array [],
                      "text": "()",
                      "type": "lyrics_beat",
                    },
                    Object {
                      "children": Array [],
                      "text": "漸漸我離",
                      "type": "lyrics",
                    },
                    Object {
                      "children": Array [
                        Object {
                          "children": Array [],
                          "text": "開",
                          "type": "lyrics",
                        },
                      ],
                      "text": "(開)",
                      "type": "lyrics_beat",
                    },
                    Object {
                      "children": Array [],
                      "text": "都不想宣佈",
                      "type": "lyrics",
                    },
                  ],
                  "text": "()漸漸我離(開)都不想宣佈",
                  "type": "lyrics_line",
                },
              ],
              "text": "3m 6m
()漸漸我離(開)都不想宣佈",
              "type": "line",
            },
            Object {
              "children": Array [
                Object {
                  "children": Array [
                    Object {
                      "children": Array [
                        Object {
                          "children": Array [],
                          "text": "2",
                          "type": "relative_note",
                        },
                        Object {
                          "children": Array [],
                          "text": "m",
                          "type": "quality",
                        },
                      ],
                      "text": "2m",
                      "type": "chord",
                    },
                    Object {
                      "children": Array [
                        Object {
                          "children": Array [],
                          "text": "5",
                          "type": "relative_note",
                        },
                        Object {
                          "children": Array [],
                          "text": "sus4",
                          "type": "quality",
                        },
                      ],
                      "text": "5sus4",
                      "type": "chord",
                    },
                    Object {
                      "children": Array [
                        Object {
                          "children": Array [],
                          "text": "5",
                          "type": "relative_note",
                        },
                      ],
                      "text": "5",
                      "type": "chord",
                    },
                    Object {
                      "children": Array [
                        Object {
                          "children": Array [],
                          "text": "1",
                          "type": "relative_note",
                        },
                      ],
                      "text": "1",
                      "type": "chord",
                    },
                  ],
                  "text": "2m 5sus4 5 1",
                  "type": "chord_line",
                },
                Object {
                  "children": Array [
                    Object {
                      "children": Array [],
                      "text": "()",
                      "type": "lyrics_beat",
                    },
                    Object {
                      "children": Array [],
                      "text": "怕記憶 最",
                      "type": "lyrics",
                    },
                    Object {
                      "children": Array [
                        Object {
                          "children": Array [],
                          "text": "後",
                          "type": "lyrics",
                        },
                      ],
                      "text": "(後)",
                      "type": "lyrics_beat",
                    },
                    Object {
                      "children": Array [],
                      "text": "變話",
                      "type": "lyrics",
                    },
                    Object {
                      "children": Array [
                        Object {
                          "children": Array [],
                          "text": "題",
                          "type": "lyrics",
                        },
                      ],
                      "text": "(題)",
                      "type": "lyrics_beat",
                    },
                    Object {
                      "children": Array [],
                      "text": " 太俗",
                      "type": "lyrics",
                    },
                    Object {
                      "children": Array [
                        Object {
                          "children": Array [],
                          "text": "套",
                          "type": "lyrics",
                        },
                      ],
                      "text": "(套)",
                      "type": "lyrics_beat",
                    },
                  ],
                  "text": "()怕記憶 最(後)變話(題) 太俗(套)",
                  "type": "lyrics_line",
                },
              ],
              "text": "2m 5sus4 5 1
()怕記憶 最(後)變話(題) 太俗(套)",
              "type": "line",
            },
          ],
          "text": "1 6m
()漸漸我甚(麼)都不想知道
2m 4/5
()我覺得迷(失)竟比醒覺好
3m 6m
()漸漸我離(開)都不想宣佈
2m 5sus4 5 1
()怕記憶 最(後)變話(題) 太俗(套)",
          "type": "section",
        },
        Object {
          "children": Array [
            Object {
              "children": Array [
                Object {
                  "children": Array [
                    Object {
                      "children": Array [
                        Object {
                          "children": Array [],
                          "text": "3",
                          "type": "relative_note",
                        },
                      ],
                      "text": "3",
                      "type": "chord",
                    },
                    Object {
                      "children": Array [
                        Object {
                          "children": Array [],
                          "text": "6",
                          "type": "relative_note",
                        },
                        Object {
                          "children": Array [],
                          "text": "m",
                          "type": "quality",
                        },
                      ],
                      "text": "6m",
                      "type": "chord",
                    },
                    Object {
                      "children": Array [
                        Object {
                          "children": Array [],
                          "text": "5",
                          "type": "relative_note",
                        },
                        Object {
                          "children": Array [],
                          "text": "sus4",
                          "type": "quality",
                        },
                      ],
                      "text": "5sus4",
                      "type": "chord",
                    },
                    Object {
                      "children": Array [
                        Object {
                          "children": Array [],
                          "text": "5",
                          "type": "relative_note",
                        },
                      ],
                      "text": "5",
                      "type": "chord",
                    },
                  ],
                  "text": "3 6m 5sus4 5",
                  "type": "chord_line",
                },
                Object {
                  "children": Array [
                    Object {
                      "children": Array [],
                      "text": "()",
                      "type": "lyrics_beat",
                    },
                    Object {
                      "children": Array [],
                      "text": " ",
                      "type": "lyrics",
                    },
                    Object {
                      "children": Array [
                        Object {
                          "children": Array [],
                          "text": "寂",
                          "type": "lyrics",
                        },
                      ],
                      "text": "(寂)",
                      "type": "lyrics_beat",
                    },
                    Object {
                      "children": Array [],
                      "text": "寞 寂寞出於",
                      "type": "lyrics",
                    },
                    Object {
                      "children": Array [
                        Object {
                          "children": Array [],
                          "text": "你",
                          "type": "lyrics",
                        },
                      ],
                      "text": "(你)",
                      "type": "lyrics_beat",
                    },
                    Object {
                      "children": Array [],
                      "text": "的空",
                      "type": "lyrics",
                    },
                    Object {
                      "children": Array [
                        Object {
                          "children": Array [],
                          "text": "白",
                          "type": "lyrics",
                        },
                      ],
                      "text": "(白)",
                      "type": "lyrics_beat",
                    },
                  ],
                  "text": "() (寂)寞 寂寞出於(你)的空(白)",
                  "type": "lyrics_line",
                },
              ],
              "text": "3 6m 5sus4 5
() (寂)寞 寂寞出於(你)的空(白)",
              "type": "line",
            },
            Object {
              "children": Array [
                Object {
                  "children": Array [
                    Object {
                      "children": Array [
                        Object {
                          "children": Array [],
                          "text": "6",
                          "type": "relative_note",
                        },
                        Object {
                          "children": Array [],
                          "text": "m",
                          "type": "quality",
                        },
                      ],
                      "text": "6m",
                      "type": "chord",
                    },
                    Object {
                      "children": Array [
                        Object {
                          "children": Array [],
                          "text": "1",
                          "type": "relative_note",
                        },
                      ],
                      "text": "1",
                      "type": "chord",
                    },
                  ],
                  "text": "6m 1",
                  "type": "chord_line",
                },
                Object {
                  "children": Array [
                    Object {
                      "children": Array [],
                      "text": "()",
                      "type": "lyrics_beat",
                    },
                    Object {
                      "children": Array [],
                      "text": "剩下我被",
                      "type": "lyrics",
                    },
                    Object {
                      "children": Array [
                        Object {
                          "children": Array [],
                          "text": "記",
                          "type": "lyrics",
                        },
                      ],
                      "text": "(記)",
                      "type": "lyrics_beat",
                    },
                    Object {
                      "children": Array [],
                      "text": "憶掌摑",
                      "type": "lyrics",
                    },
                  ],
                  "text": "()剩下我被(記)憶掌摑",
                  "type": "lyrics_line",
                },
              ],
              "text": "6m 1
()剩下我被(記)憶掌摑",
              "type": "line",
            },
            Object {
              "children": Array [
                Object {
                  "children": Array [
                    Object {
                      "children": Array [
                        Object {
                          "children": Array [],
                          "text": "2",
                          "type": "relative_note",
                        },
                        Object {
                          "children": Array [],
                          "text": "m7",
                          "type": "quality",
                        },
                      ],
                      "text": "2m7",
                      "type": "chord",
                    },
                    Object {
                      "children": Array [
                        Object {
                          "children": Array [],
                          "text": "3",
                          "type": "relative_note",
                        },
                        Object {
                          "children": Array [],
                          "text": "m",
                          "type": "quality",
                        },
                      ],
                      "text": "3m",
                      "type": "chord",
                    },
                    Object {
                      "children": Array [
                        Object {
                          "children": Array [],
                          "text": "6",
                          "type": "relative_note",
                        },
                        Object {
                          "children": Array [],
                          "text": "m",
                          "type": "quality",
                        },
                      ],
                      "text": "6m",
                      "type": "chord",
                    },
                  ],
                  "text": "2m7 3m 6m",
                  "type": "chord_line",
                },
                Object {
                  "children": Array [
                    Object {
                      "children": Array [],
                      "text": "()",
                      "type": "lyrics_beat",
                    },
                    Object {
                      "children": Array [],
                      "text": "如留下語",
                      "type": "lyrics",
                    },
                    Object {
                      "children": Array [
                        Object {
                          "children": Array [],
                          "text": "錄",
                          "type": "lyrics",
                        },
                      ],
                      "text": "(錄)",
                      "type": "lyrics_beat",
                    },
                    Object {
                      "children": Array [],
                      "text": "誰來",
                      "type": "lyrics",
                    },
                    Object {
                      "children": Array [
                        Object {
                          "children": Array [],
                          "text": "看",
                          "type": "lyrics",
                        },
                      ],
                      "text": "(看)",
                      "type": "lyrics_beat",
                    },
                  ],
                  "text": "()如留下語(錄)誰來(看)",
                  "type": "lyrics_line",
                },
              ],
              "text": "2m7 3m 6m
()如留下語(錄)誰來(看)",
              "type": "line",
            },
            Object {
              "children": Array [
                Object {
                  "children": Array [
                    Object {
                      "children": Array [
                        Object {
                          "children": Array [],
                          "text": "7b",
                          "type": "relative_note",
                        },
                      ],
                      "text": "7b",
                      "type": "chord",
                    },
                    Object {
                      "children": Array [
                        Object {
                          "children": Array [],
                          "text": "5",
                          "type": "relative_note",
                        },
                        Object {
                          "children": Array [
                            Object {
                              "children": Array [],
                              "text": "7",
                              "type": "relative_note",
                            },
                          ],
                          "text": "/7",
                          "type": "base",
                        },
                      ],
                      "text": "5/7",
                      "type": "chord",
                    },
                  ],
                  "text": "7b 5/7",
                  "type": "chord_line",
                },
                Object {
                  "children": Array [
                    Object {
                      "children": Array [],
                      "text": "懷念",
                      "type": "lyrics",
                    },
                    Object {
                      "children": Array [
                        Object {
                          "children": Array [],
                          "text": "只",
                          "type": "lyrics",
                        },
                      ],
                      "text": "(只)",
                      "type": "lyrics_beat",
                    },
                    Object {
                      "children": Array [],
                      "text": "可鋪滿被",
                      "type": "lyrics",
                    },
                    Object {
                      "children": Array [
                        Object {
                          "children": Array [],
                          "text": "單",
                          "type": "lyrics",
                        },
                      ],
                      "text": "(單)",
                      "type": "lyrics_beat",
                    },
                  ],
                  "text": "懷念(只)可鋪滿被(單)",
                  "type": "lyrics_line",
                },
              ],
              "text": "7b 5/7
懷念(只)可鋪滿被(單)",
              "type": "line",
            },
          ],
          "text": "3 6m 5sus4 5
() (寂)寞 寂寞出於(你)的空(白)
6m 1
()剩下我被(記)憶掌摑
2m7 3m 6m
()如留下語(錄)誰來(看)
7b 5/7
懷念(只)可鋪滿被(單)",
          "type": "section",
        },
      ],
      "text": ":: verse ::
1 6m
()在夜晚 說(早)晨
2m 5sus4 5
()閒談後 你(更)像別(人)
3m 6m
()字幕裡 說(冬)日灰暗
2m 5
回(答)你 這邊的氣(氛)

3sus4 3 6m
()就(像)你 已(記)不起了
2m 5
()連懷舊 也(格)外寂寥
3m 6m
()雜物裡 遺(物)和舊照
4 2m 2m 3m 4 5
誰(變)賣 誰(棄)掉 誰(看)(到)(破)(曉)

1 6m
()漸漸我甚(麼)都不想知道
2m 4/5
()我覺得迷(失)竟比醒覺好
3m 6m
()漸漸我離(開)都不想宣佈
2m 5sus4 5 1
()怕記憶 最(後)變話(題) 太俗(套)

3 6m 5sus4 5
() (寂)寞 寂寞出於(你)的空(白)
6m 1
()剩下我被(記)憶掌摑
2m7 3m 6m
()如留下語(錄)誰來(看)
7b 5/7
懷念(只)可鋪滿被(單)
",
      "type": "song",
    },
  ],
  "text": "key=Eb



:: verse ::
1 6m
()在夜晚 說(早)晨
2m 5sus4 5
()閒談後 你(更)像別(人)
3m 6m
()字幕裡 說(冬)日灰暗
2m 5
回(答)你 這邊的氣(氛)

3sus4 3 6m
()就(像)你 已(記)不起了
2m 5
()連懷舊 也(格)外寂寥
3m 6m
()雜物裡 遺(物)和舊照
4 2m 2m 3m 4 5
誰(變)賣 誰(棄)掉 誰(看)(到)(破)(曉)

1 6m
()漸漸我甚(麼)都不想知道
2m 4/5
()我覺得迷(失)竟比醒覺好
3m 6m
()漸漸我離(開)都不想宣佈
2m 5sus4 5 1
()怕記憶 最(後)變話(題) 太俗(套)

3 6m 5sus4 5
() (寂)寞 寂寞出於(你)的空(白)
6m 1
()剩下我被(記)憶掌摑
2m7 3m 6m
()如留下語(錄)誰來(看)
7b 5/7
懷念(只)可鋪滿被(單)
",
  "type": "cm7",
}
`;
